SELF-TEST PASSED (measure is pure / OBSERVED-only -- no interpretation word in any output / distribution faithful -- counts cover the fleet, shares vs the whole fleet, effect subset sums to its fraction, sorted desc as an ordering of facts / digest concentration and distributed engines both reported as counts+shares with no verdict / empty fleet safe)
SELF-TEST PASSED (plain analysis reads the snapshot / pandas works if installed / the original snapshot is not mutable from bench code / os and subprocess imports are refused / open() is unreachable / analysis errors are captured not raised)
SELF-TEST PASSED (seed writes 5 proven rules and is idempotent / force re-seed rewrites exactly / classify parses a conflict verdict and surfaces parse errors without claiming compatible / register assigns IMP ids and carries the verdict / a duplicate is recorded with duplicate_of, never rejected / reset clears the register only)
  measurement/02 ...
    route=file_measurement (expected file_measurement)  proposed=False active=False  calls=2 turns=2 stop=final  12.6s
  measurement/03 ...
    route=file_measurement (expected file_measurement)  proposed=False active=False  calls=2 turns=2 stop=final  9.2s
  measurement/04 ...
    route=file_measurement (expected file_measurement)  proposed=False active=False  calls=2 turns=2 stop=final  9.8s
  measurement/05 ...
    route=file_measurement (expected file_measurement)  proposed=False active=False  calls=2 turns=2 stop=final  10.8s
  measurement/06 ...
    route=file_measurement (expected file_measurement)  proposed=False active=False  calls=2 turns=2 stop=final  16.6s
  skill_workflow/01 ...
    route=file_skill (expected file_skill)  proposed=False active=False  calls=2 turns=2 stop=final  25.5s
  skill_workflow/02 ...
    route=file_skill (expected file_skill)  proposed=False active=False  calls=2 turns=2 stop=final  14.1s
  skill_workflow/03 ...
    route=file_skill (expected file_skill)  proposed=False active=False  calls=2 turns=2 stop=final  12.6s
  skill_workflow/04 ...
    route=file_skill (expected file_skill)  proposed=False active=False  calls=2 turns=2 stop=final  11.1s
  skill_workflow/05 ...
    route=file_skill (expected file_skill)  proposed=False active=False  calls=2 turns=2 stop=final  12.0s
  skill_workflow/06 ...
    route=file_skill (expected file_skill)  proposed=False active=False  calls=2 turns=2 stop=final  8.9s
  duplicate_rule/01 ...
    route=file_duplicate_rule (expected file_duplicate_rule)  proposed=False active=False  calls=5 turns=4 stop=final  33.1s
  duplicate_rule/02 ...
    route=file_duplicate_rule (expected file_duplicate_rule)  proposed=False active=False  calls=2 turns=2 stop=final  26.8s
  duplicate_rule/03 ...
    route=propose_rule (expected file_duplicate_rule)  proposed=True active=True  calls=3 turns=2 stop=final  35.9s
  duplicate_rule/04 ...
conflict gate: compatible; state proposed; id PROP-002; pending human approval
