SELF-TEST PASSED (measure is pure / OBSERVED-only -- no interpretation word in any output / distribution faithful -- counts cover the fleet, shares vs the whole fleet, effect subset sums to its fraction, sorted desc as an ordering of facts / digest concentration and distributed engines both reported as counts+shares with no verdict / empty fleet safe)
SELF-TEST PASSED (plain analysis reads the snapshot / pandas works if installed / the original snapshot is not mutable from bench code / os and subprocess imports are refused / open() is unreachable / analysis errors are captured not raised)
SELF-TEST PASSED (seed writes 5 proven rules and is idempotent / force re-seed rewrites exactly / classify parses a conflict verdict and surfaces parse errors without claiming compatible / register assigns IMP ids and carries the verdict / a duplicate is recorded with duplicate_of, never rejected / reset clears the register only)
  measurement/01 ...
    route=file_measurement (expected file_measurement)  proposed=False active=False  mg_ran=False mg_caught=False demoted=False  calls=2 turns=2 stop=final  14.6s
  measurement/02 ...
    route=file_measurement (expected file_measurement)  proposed=False active=False  mg_ran=False mg_caught=False demoted=False  calls=4 turns=2 stop=final  35.3s
  measurement/03 ...
    route=file_measurement (expected file_measurement)  proposed=False active=False  mg_ran=False mg_caught=False demoted=False  calls=2 turns=2 stop=final  18.9s
  measurement/04 ...
    route=file_measurement (expected file_measurement)  proposed=False active=False  mg_ran=False mg_caught=False demoted=False  calls=2 turns=2 stop=final  17.1s
  measurement/05 ...
    route=file_measurement (expected file_measurement)  proposed=False active=False  mg_ran=False mg_caught=False demoted=False  calls=2 turns=2 stop=final  13.4s
  measurement/06 ...
    route=file_measurement (expected file_measurement)  proposed=False active=False  mg_ran=False mg_caught=False demoted=False  calls=2 turns=2 stop=final  15.1s
  skill_workflow/01 ...
    route=file_skill (expected file_skill)  proposed=False active=False  mg_ran=False mg_caught=False demoted=False  calls=2 turns=2 stop=final  12.4s
  skill_workflow/02 ...
    route=file_skill (expected file_skill)  proposed=False active=False  mg_ran=False mg_caught=False demoted=False  calls=2 turns=2 stop=final  11.9s
  skill_workflow/03 ...
    route=file_skill (expected file_skill)  proposed=False active=False  mg_ran=False mg_caught=False demoted=False  calls=2 turns=2 stop=final  10.5s
  skill_workflow/04 ...
    route=file_skill (expected file_skill)  proposed=False active=False  mg_ran=False mg_caught=False demoted=False  calls=2 turns=2 stop=final  10.0s
  skill_workflow/05 ...
    route=file_skill (expected file_skill)  proposed=False active=False  mg_ran=False mg_caught=False demoted=False  calls=2 turns=2 stop=final  10.2s
  skill_workflow/06 ...
    route=file_skill (expected file_skill)  proposed=False active=False  mg_ran=False mg_caught=False demoted=False  calls=2 turns=2 stop=final  14.5s
  duplicate_rule/01 ...
    route=file_duplicate_rule (expected file_duplicate_rule)  proposed=False active=False  mg_ran=False mg_caught=False demoted=False  calls=2 turns=2 stop=final  13.2s
  duplicate_rule/02 ...
    route=propose_rule (expected file_duplicate_rule)  proposed=False active=False  mg_ran=True mg_caught=True demoted=True  calls=4 turns=3 stop=final  34.8s
  duplicate_rule/03 ...
    route=file_duplicate_rule (expected file_duplicate_rule)  proposed=False active=False  mg_ran=False mg_caught=False demoted=False  calls=2 turns=2 stop=final  19.2s
  duplicate_rule/04 ...
    route=propose_rule (expected file_duplicate_rule)  proposed=False active=False  mg_ran=True mg_caught=True demoted=True  calls=6 turns=3 stop=final  62.3s
  duplicate_rule/05 ...
    route=file_duplicate_rule (expected file_duplicate_rule)  proposed=False active=False  mg_ran=False mg_caught=False demoted=False  calls=2 turns=2 stop=final  27.2s
  duplicate_rule/06 ...
    route=file_duplicate_rule (expected file_duplicate_rule)  proposed=False active=False  mg_ran=False mg_caught=False demoted=False  calls=2 turns=2 stop=final  22.9s
  new_rule/01 ...
    route=propose_rule (expected propose_rule)  proposed=True active=True  mg_ran=True mg_caught=False demoted=False  calls=13 turns=5 stop=final  102.4s
  new_rule/02 ...
conflict gate: compatible; state proposed; id PROP-002; pending human approval
