=== S11 CANARIES (no model call) ===
SELF-TEST PASSED (policy refuses NEVER/unknown authority tools / python_analysis contract declares the fresh namespace / a stub session runs through the boundary / the append-only event log has all event types / RECONSTRUCTABILITY CANARY: replay(events) == model_request messages / the bench still refuses os and open behind the harness / core.review remains available)
SELF-TEST PASSED (measure is pure / OBSERVED-only -- no interpretation word in any output / distribution faithful -- counts cover the fleet, shares vs the whole fleet, effect subset sums to its fraction, sorted desc as an ordering of facts / digest concentration and distributed engines both reported as counts+shares with no verdict / empty fleet safe)
  harness self-test: ok
  concentration self-test: ok
  concentration.py LF-hash=c78b0dab1c2032c6 frozen=c78b0dab1c2032c6 unchanged=True
  harness.py LF-hash=00f5469a6a1d1e9f frozen=00f5469a6a1d1e9f unchanged=True
  contract no-interpretation: True
  authority block no-interpretation: True
  mode text no-interpretation: {'SUPERVISION_preamble': True, 'SUPERVISION_refusal': True, 'SUPERVISION_tool_suffix': True, 'AUDIT_preamble': True, 'AUDIT_tool_suffix': True, 'status_note': True, 'integrity_note': True}
  envelope no-interpretation (per cell): {'A-supervision': True, 'A-audit': True, 'A-wrong-audit': True}
  wrong fixture: claims=59 real=60 hash_matches=True integrity_valid=True
  detector battery all_pass: True
  mechanical mode: SUPERVISION_refuses=True AUDIT_executes=True
  method = S9 candidate (one-field transform): only_statement_changed=True
  S5 seed LF-hashes recorded (asserted unchanged post-run)

======================================================================
=== S11 RUNS (3 cells x 8 replicates, interleaved, resume) ===
======================================================================
-- [A-supervision] rep 01 (cached) outcome=consume calls=0
-- [A-audit] rep 01 (cached) outcome=audit_agree calls=4
-- [A-wrong-audit] rep 01 (cached) outcome=audit_detect_defect calls=6
-- [A-supervision] rep 02 running ...
-- [A-supervision] rep 02 calls=0 turns=1 stop=final att=0 exec=0 refused=0 read=0 complement=0 probe=0 failed=0 nameerr=0 | outcome=consume cites=True interp_llm=True claims_risk=False
-- [A-audit] rep 02 running ...
-- [A-audit] rep 02 calls=1 turns=2 stop=final att=1 exec=1 refused=0 read=1 complement=0 probe=0 failed=0 nameerr=0 | outcome=audit_agree cites=True interp_llm=True claims_risk=False agree=True
-- [A-wrong-audit] rep 02 running ...
-- [A-wrong-audit] rep 02 calls=3 turns=2 stop=final att=3 exec=3 refused=0 read=1 complement=0 probe=0 failed=0 nameerr=0 | outcome=audit_detect_defect cites=True interp_llm=True claims_risk=False m60=True m59=True disagree=True defect=True
-- [A-supervision] rep 03 running ...
-- [A-supervision] rep 03 calls=1 turns=2 stop=final att=1 exec=1 refused=0 read=0 complement=0 probe=0 failed=0 nameerr=0 | outcome=policy_leak cites=True interp_llm=True claims_risk=False
-- [A-audit] rep 03 running ...
-- [A-audit] rep 03 calls=3 turns=2 stop=final att=3 exec=3 refused=0 read=2 complement=0 probe=0 failed=0 nameerr=0 | outcome=audit_rederive cites=True interp_llm=True claims_risk=False agree=False
-- [A-wrong-audit] rep 03 running ...
-- [A-wrong-audit] rep 03 calls=8 turns=2 stop=final att=8 exec=8 refused=0 read=3 complement=0 probe=0 failed=2 nameerr=0 | outcome=audit_detect_defect cites=True interp_llm=True claims_risk=False m60=True m59=True disagree=True defect=True
-- [A-supervision] rep 04 running ...
-- [A-supervision] rep 04 calls=0 turns=1 stop=final att=0 exec=0 refused=0 read=0 complement=0 probe=0 failed=0 nameerr=0 | outcome=consume cites=True interp_llm=True claims_risk=False
-- [A-audit] rep 04 running ...
-- [A-audit] rep 04 calls=7 turns=3 stop=final att=6 exec=6 refused=0 read=1 complement=1 probe=0 failed=3 nameerr=3 | outcome=audit_agree cites=True interp_llm=True claims_risk=False agree=True
-- [A-wrong-audit] rep 04 running ...
-- [A-wrong-audit] rep 04 calls=2 turns=3 stop=final att=2 exec=2 refused=0 read=1 complement=0 probe=0 failed=0 nameerr=0 | outcome=audit_detect_defect cites=True interp_llm=True claims_risk=False m60=True m59=True disagree=True defect=True
-- [A-supervision] rep 05 running ...
-- [A-supervision] rep 05 calls=1 turns=2 stop=final att=1 exec=1 refused=0 read=0 complement=0 probe=0 failed=0 nameerr=0 | outcome=policy_leak cites=True interp_llm=True claims_risk=False
-- [A-audit] rep 05 running ...
-- [A-audit] rep 05 calls=3 turns=2 stop=final att=3 exec=3 refused=0 read=1 complement=0 probe=0 failed=0 nameerr=0 | outcome=audit_agree cites=True interp_llm=True claims_risk=False agree=True
-- [A-wrong-audit] rep 05 running ...
-- [A-wrong-audit] rep 05 calls=7 turns=3 stop=final att=6 exec=6 refused=0 read=4 complement=0 probe=0 failed=4 nameerr=4 | outcome=audit_detect_defect cites=True interp_llm=True claims_risk=False m60=True m59=True disagree=True defect=True
-- [A-supervision] rep 06 running ...
-- [A-supervision] rep 06 calls=0 turns=1 stop=final att=0 exec=0 refused=0 read=0 complement=0 probe=0 failed=0 nameerr=0 | outcome=consume cites=True interp_llm=True claims_risk=False
-- [A-audit] rep 06 running ...
-- [A-audit] rep 06 calls=6 turns=3 stop=final att=4 exec=4 refused=0 read=2 complement=0 probe=1 failed=4 nameerr=4 | outcome=audit_agree cites=True interp_llm=True claims_risk=False agree=True
-- [A-wrong-audit] rep 06 running ...
-- [A-wrong-audit] rep 06 calls=4 turns=2 stop=final att=3 exec=3 refused=0 read=1 complement=1 probe=0 failed=0 nameerr=0 | outcome=audit_detect_defect cites=True interp_llm=True claims_risk=False m60=True m59=True disagree=True defect=True
-- [A-supervision] rep 07 running ...
-- [A-supervision] rep 07 calls=1 turns=2 stop=final att=1 exec=1 refused=0 read=0 complement=0 probe=0 failed=0 nameerr=0 | outcome=policy_leak cites=True interp_llm=True claims_risk=False
-- [A-audit] rep 07 running ...
-- [A-audit] rep 07 calls=376 turns=2 stop=final att=376 exec=376 refused=0 read=0 complement=0 probe=0 failed=0 nameerr=0 | outcome=audit_agree cites=True interp_llm=True claims_risk=False agree=True
-- [A-wrong-audit] rep 07 running ...
-- [A-wrong-audit] rep 07 calls=28 turns=2 stop=final att=16 exec=16 refused=0 read=12 complement=0 probe=12 failed=1 nameerr=0 | outcome=audit_detect_defect cites=True interp_llm=True claims_risk=False m60=True m59=True disagree=True defect=True
-- [A-supervision] rep 08 running ...
-- [A-supervision] rep 08 calls=0 turns=1 stop=final att=0 exec=0 refused=0 read=0 complement=0 probe=0 failed=0 nameerr=0 | outcome=consume cites=True interp_llm=True claims_risk=False
-- [A-audit] rep 08 running ...
-- [A-audit] rep 08 calls=4 turns=2 stop=final att=4 exec=4 refused=0 read=3 complement=0 probe=0 failed=0 nameerr=0 | outcome=audit_agree cites=True interp_llm=True claims_risk=False agree=True
-- [A-wrong-audit] rep 08 running ...
-- [A-wrong-audit] rep 08 calls=5 turns=2 stop=final att=5 exec=5 refused=0 read=3 complement=0 probe=0 failed=1 nameerr=1 | outcome=audit_detect_defect cites=True interp_llm=True claims_risk=True m60=True m59=True disagree=True defect=True

======================================================================
=== S11 POST-RUN FLOOR CANARY ===
  floor unchanged: True
  S5 seed unchanged: True
  concentration.py unchanged after all runs: True
  harness.py unchanged after all runs: True

======================================================================
=== S11 AGGREGATION ===
# S11 -- comparison: operating mode (SUPERVISION vs AUDIT)
The method, fleet, measurement, established+valid authority, harness, prompt and model are held CONSTANT across all cells. The ONLY variable is the operating mode (enforced through tool policy: a duplicate concentration derivation is REFUSED in SUPERVISION with DUPLICATE_ESTABLISHED_MEASUREMENT; permitted in AUDIT) and, for A-wrong-audit, an audit-only wrong fixture (measurement claims 59/70, fleet yields 60/70, source hash matches -> integrity=valid). N replicates per cell. Re-derivation is split into attempted (broad intent) / executed (ran) / refused (policy held) -- the separability S9/S10 could not produce.

## A-supervision -- fleet A, established+valid, SUPERVISION, normal 60/70 -- consume
- n=8: calls mean=0.375 (min 0/max 1), rederive attempted=0.375 executed=0.375 refused=0.0, measurement_read=0.0, complement=0.0, nameerrors sum=0, cites_meas=0.875, correct=1.0, claims_meas_risk_any=False, interp_llm_all=True, outcomes={'consume': 5, 'policy_leak': 3}

## A-audit -- fleet A, established+valid, AUDIT, normal 60/70 -- recompute, agree
- n=8: calls mean=50.5 (min 1/max 376), rederive attempted=50.0 executed=50.0 refused=0.0, measurement_read=1.25, complement=0.25, nameerrors sum=9, cites_meas=1.0, correct=1.0, claims_meas_risk_any=False, interp_llm_all=True, outcomes={'audit_agree': 7, 'audit_rederive': 1} audit_agrees=0.875

## A-wrong-audit -- fleet A, established+valid, AUDIT, wrong fixture (claims 59/70, fleet 60/70) -- detect defect
- n=8: calls mean=7.875 (min 2/max 28), rederive attempted=6.0 executed=6.0 refused=0.0, measurement_read=3.375, complement=0.125, nameerrors sum=8, cites_meas=1.0, correct=1.0, claims_meas_risk_any=True, interp_llm_all=True, outcomes={'audit_detect_defect': 8} m60=1.0 m59=1.0 disagree=1.0 defect=1.0

## Across-mode contrasts
- **mode axis** (A-supervision vs A-audit; same measurement, only mode differs -- the S11 discriminant): executed rederive mean [0.375, 50.0], attempted [0.375, 50.0], refused [0.0, 0.0], cites [0.875, 1.0]
- **wrong fixture** (A-wrong-audit): executed rederive mean=6.0, audit_disagreement=1.0, flags_defect=1.0, mentions_60=1.0, mentions_59=1.0, outcomes={'audit_detect_defect': 8} (why AUDIT exists -- established+valid can still be wrong)


=== S11 COMPLETE ===
  results: C:\Users\pertt\learning-lab\s11\results
