=== S7 HARNESS SELF-TEST (no model call) ===
SELF-TEST PASSED (policy refuses NEVER/unknown authority tools / python_analysis contract declares the fresh namespace / a stub session runs through the boundary / the append-only event log has all event types / RECONSTRUCTABILITY CANARY: replay(events) == model_request messages / the bench still refuses os and open behind the harness / core.review remains available)

=== S7 CONCENTRATION SELF-TEST (no model call) ===
SELF-TEST PASSED (measure is pure / OBSERVED-only -- no interpretation word in any output / distribution faithful -- counts cover the fleet, shares vs the whole fleet, effect subset sums to its fraction, sorted desc as an ordering of facts / digest concentration and distributed engines both reported as counts+shares with no verdict / empty fleet safe)

======================================================================
=== PHASE D -- does intelligence get cheaper? (COLD; NO method; WITH measurement) ===
======================================================================
  cold = no memory (no knowledge/preferences/methods) -- the cleanest 'fresh' comparison, matching S4/S6 cold.
  measurement attached as snap['dependency_concentration'] (the authorization switch).

-- fleet A (dominant=('engine', 60)) WITH measurement, COLD
  [phase_d/A] harness run: contexts=['fleet'] tools=[python_analysis] max_turns=10
    python_calls=1 turns=2 stop=final shape=['count', 'group'] dims=['trigger'] complete=False

-- fleet D (dominant=None) WITH measurement, COLD
  [phase_d/D] harness run: contexts=['fleet'] tools=[python_analysis] max_turns=10
    python_calls=9 turns=3 stop=final shape=['count', 'dominant', 'group'] dims=['digest', 'trigger'] complete=False

======================================================================
=== S7 COMPLETE ===
======================================================================
  phases run: ['A', 'D']
  fleet A: A python=3 turns=2 -> D python=1 turns=2 (delta calls=2)
  fleet D: A python=3 turns=2 -> D python=9 turns=3 (delta calls=-6)

  results: C:\Users\pertt\learning-lab\s7\results
